// Jest Snapshot v1, https://goo.gl/fbAQLP

exports[`ExampleComponent is renders correctly 1`] = `
<button
  className="button"
  onClick={[Function]}
  title="this is a test"
  type="button"
>
  <span>
    this is a test
  </span>
</button>
`;
