// Jest Snapshot v1, https://goo.gl/fbAQLP

exports[`Card renders without crashing 1`] = `
Object {
  "asFragment": [Function],
  "baseElement": <body>
    <div>
      <div
        class="card-container"
      >
        <div>
          <div
            class="image-container general"
          >
            <img
              alt="card-icon "
              class="image"
              src="../images/image.jpg"
            />
          </div>
          <div
            class="title"
          >
            <span
              class="title card-title"
            >
              Card Title
            </span>
          </div>
          <div
            class="description"
          >
            <span
              class="body-content card-description"
            >
              Ea qui proident velit cupidatat ut. Ea dolor anim anim id voluptate voluptate incididunt aliqua eu labore.
            </span>
          </div>
        </div>
        <div>
          <div
            class="shortcut"
          >
            <button
              class="button ghost left-icon small-size"
              type="button"
            >
              Shortcut 1 label
            </button>
          </div>
          <div
            class="shortcut no-border"
          >
            <button
              class="button ghost left-icon small-size"
              type="button"
            >
              Shortcut 2 label
            </button>
          </div>
          <div
            class="button-container"
          >
            <button
              class="button inline regular-size"
              type="button"
            >
              Button label
            </button>
          </div>
        </div>
      </div>
    </div>
  </body>,
  "container": <div>
    <div
      class="card-container"
    >
      <div>
        <div
          class="image-container general"
        >
          <img
            alt="card-icon "
            class="image"
            src="../images/image.jpg"
          />
        </div>
        <div
          class="title"
        >
          <span
            class="title card-title"
          >
            Card Title
          </span>
        </div>
        <div
          class="description"
        >
          <span
            class="body-content card-description"
          >
            Ea qui proident velit cupidatat ut. Ea dolor anim anim id voluptate voluptate incididunt aliqua eu labore.
          </span>
        </div>
      </div>
      <div>
        <div
          class="shortcut"
        >
          <button
            class="button ghost left-icon small-size"
            type="button"
          >
            Shortcut 1 label
          </button>
        </div>
        <div
          class="shortcut no-border"
        >
          <button
            class="button ghost left-icon small-size"
            type="button"
          >
            Shortcut 2 label
          </button>
        </div>
        <div
          class="button-container"
        >
          <button
            class="button inline regular-size"
            type="button"
          >
            Button label
          </button>
        </div>
      </div>
    </div>
  </div>,
  "debug": [Function],
  "findAllByAltText": [Function],
  "findAllByDisplayValue": [Function],
  "findAllByLabelText": [Function],
  "findAllByPlaceholderText": [Function],
  "findAllByRole": [Function],
  "findAllByTestId": [Function],
  "findAllByText": [Function],
  "findAllByTitle": [Function],
  "findByAltText": [Function],
  "findByDisplayValue": [Function],
  "findByLabelText": [Function],
  "findByPlaceholderText": [Function],
  "findByRole": [Function],
  "findByTestId": [Function],
  "findByText": [Function],
  "findByTitle": [Function],
  "getAllByAltText": [Function],
  "getAllByDisplayValue": [Function],
  "getAllByLabelText": [Function],
  "getAllByPlaceholderText": [Function],
  "getAllByRole": [Function],
  "getAllByTestId": [Function],
  "getAllByText": [Function],
  "getAllByTitle": [Function],
  "getByAltText": [Function],
  "getByDisplayValue": [Function],
  "getByLabelText": [Function],
  "getByPlaceholderText": [Function],
  "getByRole": [Function],
  "getByTestId": [Function],
  "getByText": [Function],
  "getByTitle": [Function],
  "queryAllByAltText": [Function],
  "queryAllByDisplayValue": [Function],
  "queryAllByLabelText": [Function],
  "queryAllByPlaceholderText": [Function],
  "queryAllByRole": [Function],
  "queryAllByTestId": [Function],
  "queryAllByText": [Function],
  "queryAllByTitle": [Function],
  "queryByAltText": [Function],
  "queryByDisplayValue": [Function],
  "queryByLabelText": [Function],
  "queryByPlaceholderText": [Function],
  "queryByRole": [Function],
  "queryByTestId": [Function],
  "queryByText": [Function],
  "queryByTitle": [Function],
  "rerender": [Function],
  "unmount": [Function],
}
`;
