// Jest Snapshot v1, https://goo.gl/fbAQLP

exports[`Toggle renders correctly 1`] = `
Object {
  "asFragment": [Function],
  "baseElement": <body>
    <div>
      <div
        class="toggle"
        data-testid="toggle-element"
      >
        <div
          class="toggle-active-btn"
          data-active-item="true"
        />
        <label
          data-active="true"
          data-testid="toggle-label-First"
          for="First"
        >
          <button
            category="neutral"
            class="button button--neutral button button--medium"
            data-testid="toggle-element-First"
            type="button"
          >
            <span
              class="button-text"
            >
              First
            </span>
          </button>
          <input
            checked=""
            data-testid="toggle-input-First"
            id="First"
            name="toggle"
            readonly=""
            type="radio"
            value="First"
          />
        </label>
        <label
          data-active="false"
          data-testid="toggle-label-Second"
          for="Second"
        >
          <button
            category="neutral"
            class="button button--neutral button button--medium"
            data-testid="toggle-element-Second"
            type="button"
          >
            <span
              class="button-text"
            >
              Second
            </span>
          </button>
          <input
            data-testid="toggle-input-Second"
            id="Second"
            name="toggle"
            readonly=""
            type="radio"
            value="Second"
          />
        </label>
      </div>
    </div>
  </body>,
  "container": <div>
    <div
      class="toggle"
      data-testid="toggle-element"
    >
      <div
        class="toggle-active-btn"
        data-active-item="true"
      />
      <label
        data-active="true"
        data-testid="toggle-label-First"
        for="First"
      >
        <button
          category="neutral"
          class="button button--neutral button button--medium"
          data-testid="toggle-element-First"
          type="button"
        >
          <span
            class="button-text"
          >
            First
          </span>
        </button>
        <input
          checked=""
          data-testid="toggle-input-First"
          id="First"
          name="toggle"
          readonly=""
          type="radio"
          value="First"
        />
      </label>
      <label
        data-active="false"
        data-testid="toggle-label-Second"
        for="Second"
      >
        <button
          category="neutral"
          class="button button--neutral button button--medium"
          data-testid="toggle-element-Second"
          type="button"
        >
          <span
            class="button-text"
          >
            Second
          </span>
        </button>
        <input
          data-testid="toggle-input-Second"
          id="Second"
          name="toggle"
          readonly=""
          type="radio"
          value="Second"
        />
      </label>
    </div>
  </div>,
  "debug": [Function],
  "findAllByAltText": [Function],
  "findAllByDisplayValue": [Function],
  "findAllByLabelText": [Function],
  "findAllByPlaceholderText": [Function],
  "findAllByRole": [Function],
  "findAllByTestId": [Function],
  "findAllByText": [Function],
  "findAllByTitle": [Function],
  "findByAltText": [Function],
  "findByDisplayValue": [Function],
  "findByLabelText": [Function],
  "findByPlaceholderText": [Function],
  "findByRole": [Function],
  "findByTestId": [Function],
  "findByText": [Function],
  "findByTitle": [Function],
  "getAllByAltText": [Function],
  "getAllByDisplayValue": [Function],
  "getAllByLabelText": [Function],
  "getAllByPlaceholderText": [Function],
  "getAllByRole": [Function],
  "getAllByTestId": [Function],
  "getAllByText": [Function],
  "getAllByTitle": [Function],
  "getByAltText": [Function],
  "getByDisplayValue": [Function],
  "getByLabelText": [Function],
  "getByPlaceholderText": [Function],
  "getByRole": [Function],
  "getByTestId": [Function],
  "getByText": [Function],
  "getByTitle": [Function],
  "queryAllByAltText": [Function],
  "queryAllByDisplayValue": [Function],
  "queryAllByLabelText": [Function],
  "queryAllByPlaceholderText": [Function],
  "queryAllByRole": [Function],
  "queryAllByTestId": [Function],
  "queryAllByText": [Function],
  "queryAllByTitle": [Function],
  "queryByAltText": [Function],
  "queryByDisplayValue": [Function],
  "queryByLabelText": [Function],
  "queryByPlaceholderText": [Function],
  "queryByRole": [Function],
  "queryByTestId": [Function],
  "queryByText": [Function],
  "queryByTitle": [Function],
  "rerender": [Function],
  "unmount": [Function],
}
`;
