// Jest Snapshot v1, https://goo.gl/fbAQLP

exports[`Tag renders correctly 1`] = `
<DocumentFragment>
  <div
    class="tag-container"
  >
    Testing Tag
  </div>
</DocumentFragment>
`;
