// Jest Snapshot v1, https://goo.gl/fbAQLP

exports[`SidebarMenu renders without crashing 1`] = `
Object {
  "asFragment": [Function],
  "baseElement": <body>
    <div>
      <nav
        class="menu"
      >
        <ul
          class="mobile-header"
        >
          <li
            class="menu-item active"
          >
            <button
              class="menu-item-clickable"
              type="button"
            >
              <img
                alt="Menu text"
                class="menu-item-icon"
                src="path/to/icon.svg"
              />
              <span
                class="menu-item-text"
              >
                Menu text
              </span>
            </button>
          </li>
        </ul>
        <ul
          class="list-items"
        >
          <li
            class="menu-item active"
          >
            <button
              class="menu-item-clickable"
              type="button"
            >
              <img
                alt="Menu text"
                class="menu-item-icon"
                src="path/to/icon.svg"
              />
              <span
                class="menu-item-text"
              >
                Menu text
              </span>
            </button>
          </li>
          <li
            class="menu-item"
          >
            <button
              class="menu-item-clickable"
              type="button"
            >
              <img
                alt="Menu text 2"
                class="menu-item-icon"
                src="path/to/icon2.svg"
              />
              <span
                class="menu-item-text"
              >
                Menu text 2
              </span>
            </button>
          </li>
        </ul>
      </nav>
    </div>
  </body>,
  "container": <div>
    <nav
      class="menu"
    >
      <ul
        class="mobile-header"
      >
        <li
          class="menu-item active"
        >
          <button
            class="menu-item-clickable"
            type="button"
          >
            <img
              alt="Menu text"
              class="menu-item-icon"
              src="path/to/icon.svg"
            />
            <span
              class="menu-item-text"
            >
              Menu text
            </span>
          </button>
        </li>
      </ul>
      <ul
        class="list-items"
      >
        <li
          class="menu-item active"
        >
          <button
            class="menu-item-clickable"
            type="button"
          >
            <img
              alt="Menu text"
              class="menu-item-icon"
              src="path/to/icon.svg"
            />
            <span
              class="menu-item-text"
            >
              Menu text
            </span>
          </button>
        </li>
        <li
          class="menu-item"
        >
          <button
            class="menu-item-clickable"
            type="button"
          >
            <img
              alt="Menu text 2"
              class="menu-item-icon"
              src="path/to/icon2.svg"
            />
            <span
              class="menu-item-text"
            >
              Menu text 2
            </span>
          </button>
        </li>
      </ul>
    </nav>
  </div>,
  "debug": [Function],
  "findAllByAltText": [Function],
  "findAllByDisplayValue": [Function],
  "findAllByLabelText": [Function],
  "findAllByPlaceholderText": [Function],
  "findAllByRole": [Function],
  "findAllByTestId": [Function],
  "findAllByText": [Function],
  "findAllByTitle": [Function],
  "findByAltText": [Function],
  "findByDisplayValue": [Function],
  "findByLabelText": [Function],
  "findByPlaceholderText": [Function],
  "findByRole": [Function],
  "findByTestId": [Function],
  "findByText": [Function],
  "findByTitle": [Function],
  "getAllByAltText": [Function],
  "getAllByDisplayValue": [Function],
  "getAllByLabelText": [Function],
  "getAllByPlaceholderText": [Function],
  "getAllByRole": [Function],
  "getAllByTestId": [Function],
  "getAllByText": [Function],
  "getAllByTitle": [Function],
  "getByAltText": [Function],
  "getByDisplayValue": [Function],
  "getByLabelText": [Function],
  "getByPlaceholderText": [Function],
  "getByRole": [Function],
  "getByTestId": [Function],
  "getByText": [Function],
  "getByTitle": [Function],
  "queryAllByAltText": [Function],
  "queryAllByDisplayValue": [Function],
  "queryAllByLabelText": [Function],
  "queryAllByPlaceholderText": [Function],
  "queryAllByRole": [Function],
  "queryAllByTestId": [Function],
  "queryAllByText": [Function],
  "queryAllByTitle": [Function],
  "queryByAltText": [Function],
  "queryByDisplayValue": [Function],
  "queryByLabelText": [Function],
  "queryByPlaceholderText": [Function],
  "queryByRole": [Function],
  "queryByTestId": [Function],
  "queryByText": [Function],
  "queryByTitle": [Function],
  "rerender": [Function],
  "unmount": [Function],
}
`;
